Component: ARM Compiler 5.06 update 6 (build 750) Tool: armlink [4d35ed]

==============================================================================

Section Cross References

    main.o(.text) refers to os_cpu_c.o(.text) for OS_CPU_SysTickInit
    main.o(.text) refers to os_core.o(.text) for OSStatInit
    main.o(.text) refers to task.o(.text) for App_Task
    main.o(.text) refers to os_time.o(.text) for OSTimeDlyHMSM
    main.o(.text) refers to os_cpu_a.o(.text) for CPU_IntDis
    main.o(.text) refers to os_task.o(.text) for OSTaskCreateExt
    main.o(.text) refers to system_stm32f4xx.o(.data) for SystemCoreClock
    main.o(.text) refers to main.o(.bss) for App_TaskStartStk
    task.o(.text) refers to os_sem.o(.text) for OSSemSet
    task.o(.text) refers to sensor.o(.text) for GetGyroMessage
    task.o(.text) refers to errorhand.o(.text) for CanCommunicateErr
    task.o(.text) refers to elmo.o(.text) for VelCrl
    task.o(.text) refers to balance.o(.text) for BalanceOpenLoopControl_y
    task.o(.text) refers to dataout.o(.text) for GyroDataOut
    task.o(.text) refers to dma.o(.text) for USARTDMAOUT
    task.o(.text) refers to movebase.o(.text) for SpeedPlan
    task.o(.text) refers to stm32f4xx_gpio.o(.text) for GPIO_ReadInputDataBit
    task.o(.text) refers to pid.o(.text) for YawControl
    task.o(.text) refers to stm32f4xx_can.o(.text) for CAN_GetLastErrorCode
    task.o(.text) refers to switch.o(.text) for ResetScan
    task.o(.text) refers to init.o(.text) for MotorAllStop
    task.o(.text) refers to light.o(.text) for WhiteSite
    task.o(.text) refers to dataprocess.o(.text) for DataRecord
    task.o(.text) refers to balance.o(.data) for closeLoopFlag
    task.o(.text) refers to task.o(.data) for BalancePeriodSem
    task.o(.text) refers to stm32f4xx_it.o(.data) for timeOut2
    task.o(.text) refers to movebase.o(.bss) for quadrupedStatus
    task.o(.text) refers to module_red.o(.data) for gaitCnt
    task.o(.text) refers to dma.o(.bss) for DebugUSARTDMASendBuf2
    task.o(.text) refers to dma.o(.data) for DebugUSARTSendBuffCnt2
    task.o(.text) refers to switch.o(.bss) for Reset
    task.o(.text) refers to init.o(.data) for startOver
    task.o(.text) refers to vloop.o(.text) for VelOutput
    task.o(.text) refers to pps.o(.text) for Correct
    task.o(.text) refers to misc.o(.text) for NVIC_PriorityGroupConfig
    task.o(.text) refers to usart.o(.text) for UART5_Init
    task.o(.text) refers to timer.o(.text) for TIM1_PWM_Init
    task.o(.text) refers to stm32f4xx_tim.o(.text) for TIM_Cmd
    task.o(.text) refers to can.o(.text) for CAN_Config
    task.o(.text) refers to lift.o(.text) for liftInit
    task.o(.text) refers to vloop.o(.bss) for motor
    task.o(.text) refers to movebase.o(.data) for STRacc
    task.o(.text) refers to module_red.o(.text) for Stop
    task.o(.text) refers to os_task.o(.text) for OSTaskSuspend
    task.o(.text) refers to lift.o(.data) for lift
    task.o(.text) refers to task.o(.bss) for App_ConfigStk
    stm32f4xx_it.o(.text) refers to os_cpu_a.o(.text) for OS_CPU_SR_Save
    stm32f4xx_it.o(.text) refers to can.o(.text) for CAN_RxMsg
    stm32f4xx_it.o(.text) refers to stm32f4xx_can.o(.text) for CAN_ClearFlag
    stm32f4xx_it.o(.text) refers to os_core.o(.text) for OSIntExit
    stm32f4xx_it.o(.text) refers to stm32f4xx_tim.o(.text) for TIM_GetITStatus
    stm32f4xx_it.o(.text) refers to os_sem.o(.text) for OSSemPost
    stm32f4xx_it.o(.text) refers to os_core.o(.data) for OSIntNesting
    stm32f4xx_it.o(.text) refers to stm32f4xx_it.o(.data) for translation
    stm32f4xx_it.o(.text) refers to movebase.o(.bss) for legOne
    stm32f4xx_it.o(.text) refers to errorhand.o(.bss) for can2ErrNum
    stm32f4xx_it.o(.text) refers to switch.o(.bss) for Reset
    stm32f4xx_it.o(.text) refers to balance.o(.bss) for gBalancer1
    stm32f4xx_it.o(.text) refers to task.o(.data) for timeCount
    stm32f4xx_it.o(.text) refers to stm32f4xx_usart.o(.text) for USART_GetITStatus
    stm32f4xx_it.o(.text) refers to usart.o(.text) for USART_OUT
    timer.o(.text) refers to stm32f4xx_rcc.o(.text) for RCC_APB2PeriphClockCmd
    timer.o(.text) refers to stm32f4xx_tim.o(.text) for TIM_TimeBaseInit
    timer.o(.text) refers to misc.o(.text) for NVIC_Init
    timer.o(.text) refers to stm32f4xx_gpio.o(.text) for GPIO_PinAFConfig
    gpio.o(.text) refers to stm32f4xx_rcc.o(.text) for RCC_AHB1PeriphClockCmd
    gpio.o(.text) refers to stm32f4xx_gpio.o(.text) for GPIO_Init
    elmo.o(.text) refers to can.o(.text) for CAN_TxMsg
    elmo.o(.text) refers to stm32f4xx_can.o(.text) for CAN_Transmit
    elmo.o(.text) refers to usart.o(.text) for USART_OUT
    elmo.o(.text) refers to elmo.o(.constdata) for .constdata
    usart.o(.text) refers to stm32f4xx_usart.o(.text) for USART_SendData
    usart.o(.text) refers to stm32f4xx_rcc.o(.text) for RCC_AHB1PeriphClockCmd
    usart.o(.text) refers to stm32f4xx_gpio.o(.text) for GPIO_PinAFConfig
    usart.o(.text) refers to misc.o(.text) for NVIC_Init
[...]
    RCC_ITConfig                             0x0801dd79   Thumb Code    34  stm32f4xx_rcc.o(.text)
    RCC_ClearFlag                            0x0801dd9b   Thumb Code    18  stm32f4xx_rcc.o(.text)
    RCC_GetITStatus                          0x0801ddad   Thumb Code    22  stm32f4xx_rcc.o(.text)
    RCC_ClearITPendingBit                    0x0801ddc3   Thumb Code     8  stm32f4xx_rcc.o(.text)
    NVIC_PriorityGroupConfig                 0x0801ddd1   Thumb Code    10  misc.o(.text)
    NVIC_Init                                0x0801dddb   Thumb Code   106  misc.o(.text)
    NVIC_SetVectorTable                      0x0801de45   Thumb Code    14  misc.o(.text)
    NVIC_SystemLPConfig                      0x0801de53   Thumb Code    34  misc.o(.text)
    SysTick_CLKSourceConfig                  0x0801de75   Thumb Code    40  misc.o(.text)
    TIM_DeInit                               0x0801deb1   Thumb Code   346  stm32f4xx_tim.o(.text)
    TIM_TimeBaseInit                         0x0801e00b   Thumb Code   104  stm32f4xx_tim.o(.text)
    TIM_TimeBaseStructInit                   0x0801e073   Thumb Code    18  stm32f4xx_tim.o(.text)
    TIM_PrescalerConfig                      0x0801e085   Thumb Code     6  stm32f4xx_tim.o(.text)
    TIM_CounterModeConfig                    0x0801e08b   Thumb Code    18  stm32f4xx_tim.o(.text)
    TIM_SetCounter                           0x0801e09d   Thumb Code     4  stm32f4xx_tim.o(.text)
    TIM_SetAutoreload                        0x0801e0a1   Thumb Code     4  stm32f4xx_tim.o(.text)
    TIM_GetCounter                           0x0801e0a5   Thumb Code     6  stm32f4xx_tim.o(.text)
    TIM_GetPrescaler                         0x0801e0ab   Thumb Code     6  stm32f4xx_tim.o(.text)
    TIM_UpdateDisableConfig                  0x0801e0b1   Thumb Code    24  stm32f4xx_tim.o(.text)
    TIM_UpdateRequestConfig                  0x0801e0c9   Thumb Code    24  stm32f4xx_tim.o(.text)
    TIM_ARRPreloadConfig                     0x0801e0e1   Thumb Code    24  stm32f4xx_tim.o(.text)
    TIM_SelectOnePulseMode                   0x0801e0f9   Thumb Code    18  stm32f4xx_tim.o(.text)
    TIM_SetClockDivision                     0x0801e10b   Thumb Code    18  stm32f4xx_tim.o(.text)
    TIM_Cmd                                  0x0801e11d   Thumb Code    24  stm32f4xx_tim.o(.text)
    TIM_OC1Init                              0x0801e135   Thumb Code   114  stm32f4xx_tim.o(.text)
    TIM_OC2Init                              0x0801e1a7   Thumb Code   154  stm32f4xx_tim.o(.text)
    TIM_OC3Init                              0x0801e241   Thumb Code   204  stm32f4xx_tim.o(.text)
    TIM_OC4Init                              0x0801e30d   Thumb Code   112  stm32f4xx_tim.o(.text)
    TIM_OCStructInit                         0x0801e37d   Thumb Code    20  stm32f4xx_tim.o(.text)
    TIM_SelectOCxM                           0x0801e391   Thumb Code    86  stm32f4xx_tim.o(.text)
    TIM_SetCompare1                          0x0801e3e7   Thumb Code     4  stm32f4xx_tim.o(.text)
    TIM_SetCompare2                          0x0801e3eb   Thumb Code     4  stm32f4xx_tim.o(.text)
    TIM_SetCompare3                          0x0801e3ef   Thumb Code     4  stm32f4xx_tim.o(.text)
    TIM_SetCompare4                          0x0801e3f3   Thumb Code     4  stm32f4xx_tim.o(.text)
    TIM_ForcedOC1Config                      0x0801e3f7   Thumb Code    18  stm32f4xx_tim.o(.text)
    TIM_ForcedOC2Config                      0x0801e409   Thumb Code    26  stm32f4xx_tim.o(.text)
    TIM_ForcedOC3Config                      0x0801e423   Thumb Code    18  stm32f4xx_tim.o(.text)
    TIM_ForcedOC4Config                      0x0801e435   Thumb Code    26  stm32f4xx_tim.o(.text)
    TIM_OC1PreloadConfig                     0x0801e44f   Thumb Code    18  stm32f4xx_tim.o(.text)
    TIM_OC2PreloadConfig                     0x0801e461   Thumb Code    26  stm32f4xx_tim.o(.text)
    TIM_OC3PreloadConfig                     0x0801e47b   Thumb Code    18  stm32f4xx_tim.o(.text)
    TIM_OC4PreloadConfig                     0x0801e48d   Thumb Code    26  stm32f4xx_tim.o(.text)
    TIM_OC1FastConfig                        0x0801e4a7   Thumb Code    18  stm32f4xx_tim.o(.text)
    TIM_OC2FastConfig                        0x0801e4b9   Thumb Code    26  stm32f4xx_tim.o(.text)
    TIM_OC3FastConfig                        0x0801e4d3   Thumb Code    18  stm32f4xx_tim.o(.text)
    TIM_OC4FastConfig                        0x0801e4e5   Thumb Code    26  stm32f4xx_tim.o(.text)
    TIM_ClearOC1Ref                          0x0801e4ff   Thumb Code    18  stm32f4xx_tim.o(.text)
    TIM_ClearOC2Ref                          0x0801e511   Thumb Code    24  stm32f4xx_tim.o(.text)
    TIM_ClearOC3Ref                          0x0801e529   Thumb Code    18  stm32f4xx_tim.o(.text)
    TIM_ClearOC4Ref                          0x0801e53b   Thumb Code    24  stm32f4xx_tim.o(.text)
    TIM_OC1PolarityConfig                    0x0801e553   Thumb Code    18  stm32f4xx_tim.o(.text)
    TIM_OC1NPolarityConfig                   0x0801e565   Thumb Code    18  stm32f4xx_tim.o(.text)
    TIM_OC2PolarityConfig                    0x0801e577   Thumb Code    26  stm32f4xx_tim.o(.text)
    TIM_OC2NPolarityConfig                   0x0801e591   Thumb Code    26  stm32f4xx_tim.o(.text)
    TIM_OC3PolarityConfig                    0x0801e5ab   Thumb Code    26  stm32f4xx_tim.o(.text)
    TIM_OC3NPolarityConfig                   0x0801e5c5   Thumb Code    26  stm32f4xx_tim.o(.text)
    TIM_OC4PolarityConfig                    0x0801e5df   Thumb Code    26  stm32f4xx_tim.o(.text)
    TIM_CCxCmd                               0x0801e5f9   Thumb Code    30  stm32f4xx_tim.o(.text)
    TIM_CCxNCmd                              0x0801e617   Thumb Code    30  stm32f4xx_tim.o(.text)
    TIM_SetIC4Prescaler                      0x0801e635   Thumb Code    26  stm32f4xx_tim.o(.text)
    TIM_SetIC3Prescaler                      0x0801e69f   Thumb Code    18  stm32f4xx_tim.o(.text)
    TIM_SetIC2Prescaler                      0x0801e6f9   Thumb Code    26  stm32f4xx_tim.o(.text)
    TIM_SetIC1Prescaler                      0x0801e76d   Thumb Code    18  stm32f4xx_tim.o(.text)
    TIM_ICInit                               0x0801e7b9   Thumb Code   110  stm32f4xx_tim.o(.text)
    TIM_ICStructInit                         0x0801e827   Thumb Code    18  stm32f4xx_tim.o(.text)
    TIM_PWMIConfig                           0x0801e839   Thumb Code   124  stm32f4xx_tim.o(.text)
    TIM_GetCapture1                          0x0801e8b5   Thumb Code     6  stm32f4xx_tim.o(.text)
    TIM_GetCapture2                          0x0801e8bb   Thumb Code     6  stm32f4xx_tim.o(.text)
    TIM_GetCapture3                          0x0801e8c1   Thumb Code     6  stm32f4xx_tim.o(.text)
    TIM_GetCapture4                          0x0801e8c7   Thumb Code     6  stm32f4xx_tim.o(.text)
    TIM_BDTRConfig                           0x0801e8cd   Thumb Code    32  stm32f4xx_tim.o(.text)
    TIM_BDTRStructInit                       0x0801e8ed   Thumb Code    18  stm32f4xx_tim.o(.text)
    TIM_CtrlPWMOutputs                       0x0801e8ff   Thumb Code    30  stm32f4xx_tim.o(.text)
    TIM_SelectCOM                            0x0801e91d   Thumb Code    24  stm32f4xx_tim.o(.text)
    TIM_CCPreloadControl                     0x0801e935   Thumb Code    24  stm32f4xx_tim.o(.text)
    TIM_ITConfig                             0x0801e94d   Thumb Code    18  stm32f4xx_tim.o(.text)
    TIM_GenerateEvent                        0x0801e95f   Thumb Code     4  stm32f4xx_tim.o(.text)
    TIM_GetFlagStatus                        0x0801e963   Thumb Code    18  stm32f4xx_tim.o(.text)
    TIM_ClearFlag                            0x0801e975   Thumb Code     6  stm32f4xx_tim.o(.text)
    TIM_GetITStatus                          0x0801e97b   Thumb Code    34  stm32f4xx_tim.o(.text)
    TIM_ClearITPendingBit                    0x0801e99d   Thumb Code     6  stm32f4xx_tim.o(.text)
    TIM_DMAConfig                            0x0801e9a3   Thumb Code    10  stm32f4xx_tim.o(.text)
    TIM_DMACmd                               0x0801e9ad   Thumb Code    18  stm32f4xx_tim.o(.text)
    TIM_SelectCCDMA                          0x0801e9bf   Thumb Code    24  stm32f4xx_tim.o(.text)
    TIM_InternalClockConfig                  0x0801e9d7   Thumb Code    12  stm32f4xx_tim.o(.text)
    TIM_SelectInputTrigger                   0x0801e9e3   Thumb Code    18  stm32f4xx_tim.o(.text)
    TIM_ITRxExternalClockConfig              0x0801e9f5   Thumb Code    24  stm32f4xx_tim.o(.text)
    TIM_TIxExternalClockConfig               0x0801ea0d   Thumb Code    62  stm32f4xx_tim.o(.text)
    TIM_ETRConfig                            0x0801ea4b   Thumb Code    28  stm32f4xx_tim.o(.text)
    TIM_ETRClockMode1Config                  0x0801ea67   Thumb Code    54  stm32f4xx_tim.o(.text)
    TIM_ETRClockMode2Config                  0x0801ea9d   Thumb Code    32  stm32f4xx_tim.o(.text)
    TIM_SelectOutputTrigger                  0x0801eabd   Thumb Code    18  stm32f4xx_tim.o(.text)
    TIM_SelectSlaveMode                      0x0801eacf   Thumb Code    18  stm32f4xx_tim.o(.text)
    TIM_SelectMasterSlaveMode                0x0801eae1   Thumb Code    18  stm32f4xx_tim.o(.text)
    TIM_EncoderInterfaceConfig               0x0801eaf3   Thumb Code    66  stm32f4xx_tim.o(.text)
    TIM_SelectHallSensor                     0x0801eb35   Thumb Code    24  stm32f4xx_tim.o(.text)
    TIM_RemapConfig                          0x0801eb4d   Thumb Code     6  stm32f4xx_tim.o(.text)
    USART_DeInit                             0x0801eb55   Thumb Code   156  stm32f4xx_usart.o(.text)
    USART_Init                               0x0801ebf1   Thumb Code   204  stm32f4xx_usart.o(.text)
    USART_StructInit                         0x0801ecbd   Thumb Code    24  stm32f4xx_usart.o(.text)
    USART_ClockInit                          0x0801ecd5   Thumb Code    32  stm32f4xx_usart.o(.text)
    USART_ClockStructInit                    0x0801ecf5   Thumb Code    12  stm32f4xx_usart.o(.text)
    USART_Cmd                                0x0801ed01   Thumb Code    24  stm32f4xx_usart.o(.text)
    USART_SetPrescaler                       0x0801ed19   Thumb Code    16  stm32f4xx_usart.o(.text)
    USART_OverSampling8Cmd                   0x0801ed29   Thumb Code    22  stm32f4xx_usart.o(.text)
    USART_OneBitMethodCmd                    0x0801ed3f   Thumb Code    24  stm32f4xx_usart.o(.text)
    USART_ClearFlag                          0x0801ed57   Thumb Code    18  stm32f4xx_usart.o(.text)
    USART_GetFlagStatus                      0x0801ed69   Thumb Code    26  stm32f4xx_usart.o(.text)
    USART_SendData                           0x0801ed83   Thumb Code    44  stm32f4xx_usart.o(.text)
    USART_ReceiveData                        0x0801edaf   Thumb Code    10  stm32f4xx_usart.o(.text)
    USART_SetAddress                         0x0801edb9   Thumb Code    18  stm32f4xx_usart.o(.text)
    USART_ReceiverWakeUpCmd                  0x0801edcb   Thumb Code    24  stm32f4xx_usart.o(.text)
    USART_WakeUpConfig                       0x0801ede3   Thumb Code    18  stm32f4xx_usart.o(.text)
    USART_LINBreakDetectLengthConfig         0x0801edf5   Thumb Code    18  stm32f4xx_usart.o(.text)
    USART_LINCmd                             0x0801ee07   Thumb Code    24  stm32f4xx_usart.o(.text)
    USART_SendBreak                          0x0801ee1f   Thumb Code    10  stm32f4xx_usart.o(.text)
    USART_HalfDuplexCmd                      0x0801ee29   Thumb Code    24  stm32f4xx_usart.o(.text)
    USART_SetGuardTime                       0x0801ee41   Thumb Code    16  stm32f4xx_usart.o(.text)
    USART_SmartCardCmd                       0x0801ee51   Thumb Code    24  stm32f4xx_usart.o(.text)
    USART_SmartCardNACKCmd                   0x0801ee69   Thumb Code    24  stm32f4xx_usart.o(.text)
    USART_IrDAConfig                         0x0801ee81   Thumb Code    18  stm32f4xx_usart.o(.text)
    USART_IrDACmd                            0x0801ee93   Thumb Code    24  stm32f4xx_usart.o(.text)
    USART_DMACmd                             0x0801eeab   Thumb Code    18  stm32f4xx_usart.o(.text)
    USART_ITConfig                           0x0801eebd   Thumb Code    74  stm32f4xx_usart.o(.text)
    USART_GetITStatus                        0x0801ef07   Thumb Code   110  stm32f4xx_usart.o(.text)
    USART_ClearITPendingBit                  0x0801ef75   Thumb Code    30  stm32f4xx_usart.o(.text)
    CAN_DeInit                               0x0801ef95   Thumb Code    50  stm32f4xx_can.o(.text)
    CAN_Init                                 0x0801efc7   Thumb Code   276  stm32f4xx_can.o(.text)
    CAN_FilterInit                           0x0801f0db   Thumb Code   258  stm32f4xx_can.o(.text)
    CAN_StructInit                           0x0801f1dd   Thumb Code    32  stm32f4xx_can.o(.text)
    CAN_SlaveStartBank                       0x0801f1fd   Thumb Code    48  stm32f4xx_can.o(.text)
    CAN_DBGFreeze                            0x0801f22d   Thumb Code    22  stm32f4xx_can.o(.text)
    CAN_TTComModeCmd                         0x0801f243   Thumb Code   118  stm32f4xx_can.o(.text)
    CAN_Transmit                             0x0801f2b9   Thumb Code   304  stm32f4xx_can.o(.text)
    CAN_TransmitStatus                       0x0801f3e9   Thumb Code   138  stm32f4xx_can.o(.text)
    CAN_CancelTransmit                       0x0801f473   Thumb Code    48  stm32f4xx_can.o(.text)
    CAN_Receive                              0x0801f4a3   Thumb Code   240  stm32f4xx_can.o(.text)
    CAN_FIFORelease                          0x0801f593   Thumb Code    22  stm32f4xx_can.o(.text)
    CAN_MessagePending                       0x0801f5a9   Thumb Code    30  stm32f4xx_can.o(.text)
    CAN_OperatingModeRequest                 0x0801f5c7   Thumb Code   162  stm32f4xx_can.o(.text)
    CAN_Sleep                                0x0801f669   Thumb Code    30  stm32f4xx_can.o(.text)
    CAN_WakeUp                               0x0801f687   Thumb Code    48  stm32f4xx_can.o(.text)
    CAN_GetLastErrorCode                     0x0801f6b7   Thumb Code    12  stm32f4xx_can.o(.text)
    CAN_GetReceiveErrorCounter               0x0801f6c3   Thumb Code    10  stm32f4xx_can.o(.text)
    CAN_GetLSBTransmitErrorCounter           0x0801f6cd   Thumb Code    12  stm32f4xx_can.o(.text)
    CAN_ITConfig                             0x0801f6d9   Thumb Code    18  stm32f4xx_can.o(.text)
    CAN_GetFlagStatus                        0x0801f6eb   Thumb Code   120  stm32f4xx_can.o(.text)
    CAN_ClearFlag                            0x0801f763   Thumb Code    52  stm32f4xx_can.o(.text)
    CAN_GetITStatus                          0x0801f7a9   Thumb Code   310  stm32f4xx_can.o(.text)
    CAN_ClearITPendingBit                    0x0801f8df   Thumb Code   162  stm32f4xx_can.o(.text)
    DMA_DeInit                               0x0801f985   Thumb Code   324  stm32f4xx_dma.o(.text)
    DMA_Init                                 0x0801fac9   Thumb Code    82  stm32f4xx_dma.o(.text)
    DMA_StructInit                           0x0801fb1b   Thumb Code    34  stm32f4xx_dma.o(.text)
    DMA_Cmd                                  0x0801fb3d   Thumb Code    22  stm32f4xx_dma.o(.text)
    DMA_PeriphIncOffsetSizeConfig            0x0801fb53   Thumb Code    22  stm32f4xx_dma.o(.text)
    DMA_FlowControllerConfig                 0x0801fb69   Thumb Code    22  stm32f4xx_dma.o(.text)
    DMA_SetCurrDataCounter                   0x0801fb7f   Thumb Code     4  stm32f4xx_dma.o(.text)
    DMA_GetCurrDataCounter                   0x0801fb83   Thumb Code     8  stm32f4xx_dma.o(.text)
    DMA_DoubleBufferModeConfig               0x0801fb8b   Thumb Code    24  stm32f4xx_dma.o(.text)
    DMA_DoubleBufferModeCmd                  0x0801fba3   Thumb Code    22  stm32f4xx_dma.o(.text)
    DMA_MemoryTargetConfig                   0x0801fbb9   Thumb Code    10  stm32f4xx_dma.o(.text)
    DMA_GetCurrentMemoryTarget               0x0801fbc3   Thumb Code    20  stm32f4xx_dma.o(.text)
    DMA_GetCmdStatus                         0x0801fbd7   Thumb Code    20  stm32f4xx_dma.o(.text)
    DMA_GetFIFOStatus                        0x0801fbeb   Thumb Code    12  stm32f4xx_dma.o(.text)
    DMA_GetFlagStatus                        0x0801fbf7   Thumb Code    56  stm32f4xx_dma.o(.text)
    DMA_ClearFlag                            0x0801fc2f   Thumb Code    40  stm32f4xx_dma.o(.text)
    DMA_ITConfig                             0x0801fc57   Thumb Code    58  stm32f4xx_dma.o(.text)
    DMA_GetITStatus                          0x0801fc91   Thumb Code    84  stm32f4xx_dma.o(.text)
    DMA_ClearITPendingBit                    0x0801fce5   Thumb Code    40  stm32f4xx_dma.o(.text)
    __aeabi_memcpy                           0x0801fd2d   Thumb Code     0  rt_memcpy_v6.o(.text)
    __rt_memcpy                              0x0801fd2d   Thumb Code   138  rt_memcpy_v6.o(.text)
    _memcpy_lastbytes                        0x0801fd93   Thumb Code     0  rt_memcpy_v6.o(.text)
    __aeabi_memcpy4                          0x0801fdb7   Thumb Code     0  rt_memcpy_w.o(.text)
    __aeabi_memcpy8                          0x0801fdb7   Thumb Code     0  rt_memcpy_w.o(.text)
    __rt_memcpy_w                            0x0801fdb7   Thumb Code   100  rt_memcpy_w.o(.text)
    _memcpy_lastbytes_aligned                0x0801fdff   Thumb Code     0  rt_memcpy_w.o(.text)
    __use_two_region_memory                  0x0801fe1b   Thumb Code     2  heapauxi.o(.text)
    __rt_heap_escrow$2region                 0x0801fe1d   Thumb Code     2  heapauxi.o(.text)
    __rt_heap_expand$2region                 0x0801fe1f   Thumb Code     2  heapauxi.o(.text)
    __read_errno                             0x0801fe21   Thumb Code    10  _rserrno.o(.text)
    __set_errno                              0x0801fe2b   Thumb Code    12  _rserrno.o(.text)
    __aeabi_errno_addr                       0x0801fe39   Thumb Code     8  rt_errno_addr_intlibspace.o(.text)
    __errno$intlibspace                      0x0801fe39   Thumb Code     0  rt_errno_addr_intlibspace.o(.text)
    __rt_errno_addr$intlibspace              0x0801fe39   Thumb Code     0  rt_errno_addr_intlibspace.o(.text)
    __user_libspace                          0x0801fe41   Thumb Code     8  libspace.o(.text)
    __user_perproc_libspace                  0x0801fe41   Thumb Code     0  libspace.o(.text)
    __user_perthread_libspace                0x0801fe41   Thumb Code     0  libspace.o(.text)
    __user_setup_stackheap                   0x0801fe49   Thumb Code    74  sys_stackheap_outer.o(.text)
    exit                                     0x0801fe93   Thumb Code    18  exit.o(.text)
    _sys_exit                                0x0801fea5   Thumb Code     8  sys_exit.o(.text)
    __I$use$semihosting                      0x0801feb1   Thumb Code     0  use_no_semi.o(.text)
    __use_no_semihosting_swi                 0x0801feb1   Thumb Code     2  use_no_semi.o(.text)
    __ARM_fpclassify                         0x0801feb3   Thumb Code    48  fpclassify.o(i.__ARM_fpclassify)
    __semihosting_library_function           0x0801feb3   Thumb Code     0  indicate_semi.o(.text)
    __ARM_fpclassifyf                        0x0801fee3   Thumb Code    38  fpclassifyf.o(i.__ARM_fpclassifyf)
    __hardfp_acosf                           0x0801ff09   Thumb Code   234  acosf.o(i.__hardfp_acosf)
    __hardfp_asinf                           0x08020021   Thumb Code   258  asinf.o(i.__hardfp_asinf)
    __hardfp_atan2f                          0x0802014d   Thumb Code   502  atan2f.o(i.__hardfp_atan2f)
    __hardfp_atanf                           0x0802039d   Thumb Code   296  atanf.o(i.__hardfp_atanf)
    __hardfp_cos                             0x08020501   Thumb Code   180  cos.o(i.__hardfp_cos)
    __hardfp_cosf                            0x080205c9   Thumb Code   280  cosf.o(i.__hardfp_cosf)
    __hardfp_fabs                            0x08020719   Thumb Code    20  fabs.o(i.__hardfp_fabs)
    __hardfp_sinf                            0x0802072d   Thumb Code   344  sinf.o(i.__hardfp_sinf)
    __hardfp_sqrt                            0x080208bd   Thumb Code   122  sqrt.o(i.__hardfp_sqrt)
    __hardfp_sqrtf                           0x08020937   Thumb Code    58  sqrtf.o(i.__hardfp_sqrtf)
    __hardfp_tanf                            0x08020971   Thumb Code   322  tanf.o(i.__hardfp_tanf)
    __ieee754_rem_pio2                       0x08020af1   Thumb Code   938  rred.o(i.__ieee754_rem_pio2)
    __kernel_cos                             0x08020f29   Thumb Code   322  cos_i.o(i.__kernel_cos)
    __kernel_poly                            0x08021099   Thumb Code   248  poly.o(i.__kernel_poly)
    __kernel_sin                             0x08021191   Thumb Code   280  sin_i.o(i.__kernel_sin)
    __mathlib_dbl_infnan                     0x080212c1   Thumb Code    20  dunder.o(i.__mathlib_dbl_infnan)
    __mathlib_dbl_invalid                    0x080212d9   Thumb Code    24  dunder.o(i.__mathlib_dbl_invalid)
    __mathlib_dbl_underflow                  0x080212f9   Thumb Code    24  dunder.o(i.__mathlib_dbl_underflow)
    __mathlib_flt_infnan                     0x08021319   Thumb Code     6  funder.o(i.__mathlib_flt_infnan)
    __mathlib_flt_infnan2                    0x0802131f   Thumb Code     6  funder.o(i.__mathlib_flt_infnan2)
    __mathlib_flt_invalid                    0x08021325   Thumb Code    10  funder.o(i.__mathlib_flt_invalid)
    __mathlib_flt_underflow                  0x08021335   Thumb Code    10  funder.o(i.__mathlib_flt_underflow)
    __mathlib_rredf2                         0x08021345   Thumb Code   316  rredf.o(i.__mathlib_rredf2)
    fabs                                     0x08021499   Thumb Code    24  fabs.o(i.fabs)
    sqrtf                                    0x080214b1   Thumb Code    62  sqrtf.o(i.sqrtf)
    __aeabi_dneg                             0x080214ef   Thumb Code     0  basic.o(x$fpl$basic)
    _dneg                                    0x080214ef   Thumb Code     6  basic.o(x$fpl$basic)
    __aeabi_fneg                             0x080214f5   Thumb Code     0  basic.o(x$fpl$basic)
    _fneg                                    0x080214f5   Thumb Code     6  basic.o(x$fpl$basic)
    _dabs                                    0x080214fb   Thumb Code     6  basic.o(x$fpl$basic)
    _fabs                                    0x08021501   Thumb Code     6  basic.o(x$fpl$basic)
    __aeabi_d2f                              0x08021509   Thumb Code     0  d2f.o(x$fpl$d2f)
    _d2f                                     0x08021509   Thumb Code    98  d2f.o(x$fpl$d2f)
    __aeabi_dadd                             0x0802156d   Thumb Code     0  daddsub_clz.o(x$fpl$dadd)
    _dadd                                    0x0802156d   Thumb Code   332  daddsub_clz.o(x$fpl$dadd)
    __fpl_dcmp_Inf                           0x080216bd   Thumb Code    24  dcmpi.o(x$fpl$dcmpinf)
    __aeabi_ddiv                             0x080216d5   Thumb Code     0  ddiv.o(x$fpl$ddiv)
    _ddiv                                    0x080216d5   Thumb Code   552  ddiv.o(x$fpl$ddiv)
    __aeabi_d2iz                             0x08021985   Thumb Code     0  dfix.o(x$fpl$dfix)
    _dfix                                    0x08021985   Thumb Code    94  dfix.o(x$fpl$dfix)
    __aeabi_i2d                              0x080219e3   Thumb Code     0  dflt_clz.o(x$fpl$dflt)
    _dflt                                    0x080219e3   Thumb Code    46  dflt_clz.o(x$fpl$dflt)
    __aeabi_ui2d                             0x08021a11   Thumb Code     0  dflt_clz.o(x$fpl$dfltu)
    _dfltu                                   0x08021a11   Thumb Code    38  dflt_clz.o(x$fpl$dfltu)
    __aeabi_cdcmple                          0x08021a39   Thumb Code     0  dleqf.o(x$fpl$dleqf)
    _dcmple                                  0x08021a39   Thumb Code   120  dleqf.o(x$fpl$dleqf)
    __fpl_dcmple_InfNaN                      0x08021a9b   Thumb Code     0  dleqf.o(x$fpl$dleqf)
    __aeabi_dmul                             0x08021ab1   Thumb Code     0  dmul.o(x$fpl$dmul)
    _dmul                                    0x08021ab1   Thumb Code   332  dmul.o(x$fpl$dmul)
    __fpl_dnaninf                            0x08021c05   Thumb Code   156  dnaninf.o(x$fpl$dnaninf)
    __fpl_dretinf                            0x08021ca1   Thumb Code    12  dretinf.o(x$fpl$dretinf)
    __aeabi_drsub                            0x08021cad   Thumb Code     0  daddsub_clz.o(x$fpl$drsb)
    _drsb                                    0x08021cad   Thumb Code    22  daddsub_clz.o(x$fpl$drsb)
    _dsqrt                                   0x08021cc5   Thumb Code   404  dsqrt_umaal.o(x$fpl$dsqrt)
    __aeabi_dsub                             0x08021e5d   Thumb Code     0  daddsub_clz.o(x$fpl$dsub)
    _dsub                                    0x08021e5d   Thumb Code   464  daddsub_clz.o(x$fpl$dsub)
    __aeabi_f2d                              0x08022031   Thumb Code     0  f2d.o(x$fpl$f2d)
    _f2d                                     0x08022031   Thumb Code    86  f2d.o(x$fpl$f2d)
    __fpl_fnaninf                            0x08022087   Thumb Code   140  fnaninf.o(x$fpl$fnaninf)
    _fp_init                                 0x08022113   Thumb Code    10  fpinit.o(x$fpl$fpinit)
    __fplib_config_fpu_vfp                   0x0802211b   Thumb Code     0  fpinit.o(x$fpl$fpinit)
    __fplib_config_pureend_doubles           0x0802211b   Thumb Code     0  fpinit.o(x$fpl$fpinit)
    __fpl_fretinf                            0x0802211d   Thumb Code    10  fretinf.o(x$fpl$fretinf)
    __I$use$fp                               0x08022126   Number         0  usenofp.o(x$fpl$usenofp)
    OSDebugEn                                0x080222a0   Data           2  os_dbg.o(.constdata)
    OSEndiannessTest                         0x080222a4   Data           4  os_dbg.o(.constdata)
    OSEventEn                                0x080222a8   Data           2  os_dbg.o(.constdata)
    OSEventMax                               0x080222aa   Data           2  os_dbg.o(.constdata)
    OSEventNameEn                            0x080222ac   Data           2  os_dbg.o(.constdata)
    OSEventSize                              0x080222ae   Data           2  os_dbg.o(.constdata)
    OSEventTblSize                           0x080222b0   Data           2  os_dbg.o(.constdata)
    OSEventMultiEn                           0x080222b2   Data           2  os_dbg.o(.constdata)
    OSFlagEn                                 0x080222b4   Data           2  os_dbg.o(.constdata)
    OSFlagGrpSize                            0x080222b6   Data           2  os_dbg.o(.constdata)
    OSFlagNodeSize                           0x080222b8   Data           2  os_dbg.o(.constdata)
    OSFlagWidth                              0x080222ba   Data           2  os_dbg.o(.constdata)
    OSFlagMax                                0x080222bc   Data           2  os_dbg.o(.constdata)
    OSFlagNameEn                             0x080222be   Data           2  os_dbg.o(.constdata)
    OSLowestPrio                             0x080222c0   Data           2  os_dbg.o(.constdata)
    OSMboxEn                                 0x080222c2   Data           2  os_dbg.o(.constdata)
    OSMemEn                                  0x080222c4   Data           2  os_dbg.o(.constdata)
    OSMemMax                                 0x080222c6   Data           2  os_dbg.o(.constdata)
    OSMemNameEn                              0x080222c8   Data           2  os_dbg.o(.constdata)
    OSMemSize                                0x080222ca   Data           2  os_dbg.o(.constdata)
    OSMemTblSize                             0x080222cc   Data           2  os_dbg.o(.constdata)
    OSMutexEn                                0x080222ce   Data           2  os_dbg.o(.constdata)
    OSPtrSize                                0x080222d0   Data           2  os_dbg.o(.constdata)
    OSQEn                                    0x080222d2   Data           2  os_dbg.o(.constdata)
    OSQMax                                   0x080222d4   Data           2  os_dbg.o(.constdata)
    OSQSize                                  0x080222d6   Data           2  os_dbg.o(.constdata)
    OSRdyTblSize                             0x080222d8   Data           2  os_dbg.o(.constdata)
    OSSemEn                                  0x080222da   Data           2  os_dbg.o(.constdata)
    OSStkWidth                               0x080222dc   Data           2  os_dbg.o(.constdata)
    OSTaskCreateEn                           0x080222de   Data           2  os_dbg.o(.constdata)
    OSTaskCreateExtEn                        0x080222e0   Data           2  os_dbg.o(.constdata)
    OSTaskDelEn                              0x080222e2   Data           2  os_dbg.o(.constdata)
    OSTaskIdleStkSize                        0x080222e4   Data           2  os_dbg.o(.constdata)
    OSTaskProfileEn                          0x080222e6   Data           2  os_dbg.o(.constdata)
    OSTaskMax                                0x080222e8   Data           2  os_dbg.o(.constdata)
    OSTaskNameEn                             0x080222ea   Data           2  os_dbg.o(.constdata)
    OSTaskStatEn                             0x080222ec   Data           2  os_dbg.o(.constdata)
    OSTaskStatStkSize                        0x080222ee   Data           2  os_dbg.o(.constdata)
    OSTaskStatStkChkEn                       0x080222f0   Data           2  os_dbg.o(.constdata)
    OSTaskSwHookEn                           0x080222f2   Data           2  os_dbg.o(.constdata)
    OSTaskRegTblSize                         0x080222f4   Data           2  os_dbg.o(.constdata)
    OSTCBPrioTblMax                          0x080222f6   Data           2  os_dbg.o(.constdata)
    OSTCBSize                                0x080222f8   Data           2  os_dbg.o(.constdata)
    OSTicksPerSec                            0x080222fa   Data           2  os_dbg.o(.constdata)
    OSTimeTickHookEn                         0x080222fc   Data           2  os_dbg.o(.constdata)
    OSVersionNbr                             0x080222fe   Data           2  os_dbg.o(.constdata)
    OSTmrEn                                  0x08022300   Data           2  os_dbg.o(.constdata)
    OSTmrCfgMax                              0x08022302   Data           2  os_dbg.o(.constdata)
    OSTmrCfgNameEn                           0x08022304   Data           2  os_dbg.o(.constdata)
    OSTmrCfgWheelSize                        0x08022306   Data           2  os_dbg.o(.constdata)
    OSTmrCfgTicksPerSec                      0x08022308   Data           2  os_dbg.o(.constdata)
    OSTmrSize                                0x0802230a   Data           2  os_dbg.o(.constdata)
    OSTmrTblSize                             0x0802230c   Data           2  os_dbg.o(.constdata)
    OSTmrWheelSize                           0x0802230e   Data           2  os_dbg.o(.constdata)
    OSTmrWheelTblSize                        0x08022310   Data           2  os_dbg.o(.constdata)
    OSDataSize                               0x08022312   Data           2  os_dbg.o(.constdata)
    OSUnMapTbl                               0x08022314   Data         256  os_core.o(.constdata)
    Region$$Table$$Base                      0x08022558   Number         0  anon$$obj.o(Region$$Table)
    Region$$Table$$Limit                     0x08022578   Number         0  anon$$obj.o(Region$$Table)
    PeriodSem                                0x20000000   Data           4  task.o(.data)
    ConfigPeriodSem                          0x20000004   Data           4  task.o(.data)
    BalancePeriodSem                         0x20000008   Data           4  task.o(.data)
    gyroFlag                                 0x2000000c   Data           1  task.o(.data)
    site                                     0x2000000d   Data           1  task.o(.data)
    runningMode                              0x2000000e   Data           1  task.o(.data)
    timeCount                                0x20000010   Data           2  task.o(.data)
    timeRecord                               0x20000012   Data           2  task.o(.data)
    can1ErrorCode                            0x20000014   Data           1  task.o(.data)
    can2ErrorCode                            0x20000015   Data           1  task.o(.data)
    slowFlag                                 0x20000016   Data           1  task.o(.data)
    opsInitkey                               0x20000017   Data           1  task.o(.data)
    controlOrder                             0x20000018   Data           1  task.o(.data)
    self_check                               0x20000019   Data           1  task.o(.data)
    beginBalance                             0x2000001a   Data           1  task.o(.data)
    pwmNum                                   0x2000001c   Data           4  task.o(.data)
    pwmRank                                  0x20000020   Data           4  task.o(.data)
    testW1                                   0x20000024   Data           4  task.o(.data)
    testW2                                   0x20000028   Data           4  task.o(.data)
    start_flag_y                             0x2000002c   Data           1  task.o(.data)
    start_flag_x                             0x2000002d   Data           1  task.o(.data)
    goBack_flag_y                            0x2000002e   Data           1  task.o(.data)
    goBack_flag_x                            0x2000002f   Data           1  task.o(.data)
    goBack_pos_y                             0x20000030   Data           1  task.o(.data)
    goBack_pos_x                             0x20000031   Data           1  task.o(.data)
    timeOut                                  0x20000034   Data           2  stm32f4xx_it.o(.data)
    timeOut2                                 0x20000036   Data           2  stm32f4xx_it.o(.data)
    translation                              0x20000038   Data           4  stm32f4xx_it.o(.data)
    timeCount2                               0x2000003c   Data           1  stm32f4xx_it.o(.data)
    testTime                                 0x20000040   Data           4  stm32f4xx_it.o(.data)
    testFlag                                 0x20000044   Data           1  stm32f4xx_it.o(.data)
    stage                                    0x2000004e   Data           1  movebase.o(.data)
    changFlag                                0x2000004f   Data           1  movebase.o(.data)
    timeAdd                                  0x20000050   Data           2  movebase.o(.data)
    STRacc                                   0x20000052   Data           1  movebase.o(.data)
    receiveFlag                              0x20000059   Data           1  sensor.o(.data)
    ropeAdjustFlag                           0x2000005a   Data           1  sensor.o(.data)
    dataRight                                0x2000005b   Data           1  sensor.o(.data)
    trans                                    0x2000005c   Data           4  sensor.o(.data)
    lift                                     0x20000064   Data           8  lift.o(.data)
    CPPos                                    0x20000070   Data           4  cloudplatform.o(.data)
    adjustFlag                               0x20000074   Data           1  dataprocess.o(.data)
    receiveCnt                               0x20000075   Data           1  dataprocess.o(.data)
    startOver                                0x20000078   Data           1  init.o(.data)
    correctCnt                               0x2000007c   Data           4  init.o(.data)
    cp_init                                  0x20000080   Data           4  init.o(.data)
    gyro1InitPos                             0x20000084   Data           4  init.o(.data)
    gyro2InitPos                             0x20000088   Data           4  init.o(.data)
    order                                    0x2000008c   Data           4  init.o(.data)
    gvro1ready                               0x20000090   Data           1  init.o(.data)
    gvro2ready                               0x20000091   Data           1  init.o(.data)
    openLoopVel1                             0x20000094   Data           4  init.o(.data)
    openLoopVel2                             0x20000098   Data           4  init.o(.data)
    openLoopPeriod                           0x2000009c   Data           4  init.o(.data)
    openLoopDis1                             0x200000a0   Data           4  init.o(.data)
    openLoopDis2                             0x200000a4   Data           4  init.o(.data)
    protectFlag                              0x200000a8   Data           1  errorhand.o(.data)
    out                                      0x200000a9   Data           1  errorhand.o(.data)
    tokenLost                                0x200000aa   Data           1  errorhand.o(.data)
    M3508Speed                               0x200000b0   Data           8  balance.o(.data)
    controlSpeed                             0x200000b8   Data           4  balance.o(.data)
    controlSpeedRecord                       0x200000bc   Data           4  balance.o(.data)
    imuSpeed                                 0x200000c0   Data           4  balance.o(.data)
    encoderSpeed                             0x200000c4   Data           4  balance.o(.data)
    forwardFlag                              0x200000c8   Data           1  balance.o(.data)
    u1                                       0x200000cc   Data           4  balance.o(.data)
    u2                                       0x200000d0   Data           4  balance.o(.data)
    closeLoopFlag                            0x200000d4   Data           1  balance.o(.data)
    u1Rrcord                                 0x200000d8   Data           4  balance.o(.data)
    u2Rrcord                                 0x200000dc   Data           4  balance.o(.data)
    closeLoopRecord1                         0x200000e0   Data           4  balance.o(.data)
    closeLoopRecord2                         0x200000e4   Data           4  balance.o(.data)
    closeLoopForward_y                       0x200000e8   Data           4  balance.o(.data)
    closeLoopForward_x                       0x200000ec   Data           4  balance.o(.data)
    gyro1InitFlag                            0x200000f0   Data           1  balance.o(.data)
    gyro2InitFlag                            0x200000f1   Data           1  balance.o(.data)
    goBack_status                            0x200000f2   Data           1  balance.o(.data)
    gaitCnt                                  0x2000010c   Data           2  module_red.o(.data)
    desireAngle_X                            0x20000110   Data           4  module_red.o(.data)
    desireAngle_Y                            0x20000114   Data           4  module_red.o(.data)
    startCnt                                 0x20000118   Data           1  module_red.o(.data)
    strightStep                              0x20000119   Data           1  module_red.o(.data)
    strightCnt                               0x2000011a   Data           1  module_red.o(.data)
    stepStep                                 0x2000011b   Data           1  module_red.o(.data)
    stepCnt                                  0x2000011c   Data           1  module_red.o(.data)
    STRStep                                  0x2000011d   Data           1  module_red.o(.data)
    STRCnt                                   0x2000011e   Data           1  module_red.o(.data)
    ropeStep                                 0x2000011f   Data           1  module_red.o(.data)
    ropeCnt                                  0x20000120   Data           1  module_red.o(.data)
    relayCnt                                 0x20000121   Data           1  module_red.o(.data)
    hillStep                                 0x20000122   Data           1  module_red.o(.data)
    hillCnt                                  0x20000123   Data           1  module_red.o(.data)
    hip_start_swing                          0x20000124   Data         104  point.o(.data)
    hip_start_support                        0x2000018c   Data         104  point.o(.data)
    knee_start_swing                         0x200001f4   Data         104  point.o(.data)
    knee_start_support                       0x2000025c   Data         104  point.o(.data)
    stright_hip_swing                        0x200002c4   Data         104  point.o(.data)
    stright_hip_support                      0x2000032c   Data         104  point.o(.data)
    stright_knee_swing                       0x20000394   Data         104  point.o(.data)
    stright_knee_support                     0x200003fc   Data         104  point.o(.data)
    stright_hip_swing_1                      0x20000464   Data         104  point.o(.data)
    stright_hip_support_1                    0x200004cc   Data         104  point.o(.data)
    stright_knee_swing_1                     0x20000534   Data         104  point.o(.data)
    stright_knee_support_1                   0x2000059c   Data         104  point.o(.data)
    stright_hip_swing_2                      0x20000604   Data         104  point.o(.data)
    stright_hip_support_2                    0x2000066c   Data         104  point.o(.data)
    stright_knee_swing_2                     0x200006d4   Data         104  point.o(.data)
    stright_knee_support_2                   0x2000073c   Data         104  point.o(.data)
    stepup_hip_swing_trans                   0x200007a4   Data         104  point.o(.data)
    stepup_knee_swing_trans                  0x2000080c   Data         104  point.o(.data)
    step_hip_swing_trans                     0x20000874   Data         104  point.o(.data)
    step_knee_swing_trans                    0x200008dc   Data         104  point.o(.data)
    step_hip_support_trans                   0x20000944   Data         104  point.o(.data)
    step_knee_support_trans                  0x200009ac   Data         104  point.o(.data)
    step_hip_swing                           0x20000a14   Data         104  point.o(.data)
    step_knee_swing                          0x20000a7c   Data         104  point.o(.data)
    step_hip_support                         0x20000ae4   Data         104  point.o(.data)
    step_knee_support                        0x20000b4c   Data         104  point.o(.data)
    stepup_hip_swing                         0x20000bb4   Data         104  point.o(.data)
    stepup_knee_swing                        0x20000c1c   Data         104  point.o(.data)
    stepdown_hip_swing                       0x20000c84   Data         104  point.o(.data)
    stepdown_knee_swing                      0x20000cec   Data         104  point.o(.data)
    onStep_hip_support                       0x20000d54   Data         104  point.o(.data)
    onStep_knee_support                      0x20000dbc   Data         104  point.o(.data)
    onStep_hip_support_1                     0x20000e24   Data         104  point.o(.data)
    onStep_knee_support_1                    0x20000e8c   Data         104  point.o(.data)
    stepdown_hip_swing_1                     0x20000ef4   Data         104  point.o(.data)
    stepdown_knee_swing_1                    0x20000f5c   Data         104  point.o(.data)
    stepup_hip_swing_2                       0x20000fc4   Data         104  point.o(.data)
    stepup_knee_swing_2                      0x2000102c   Data         104  point.o(.data)
    onStep_hip_support_2                     0x20001094   Data         104  point.o(.data)
    onStep_knee_support_2                    0x200010fc   Data         104  point.o(.data)
    stright_hip_support_4                    0x20001164   Data         104  point.o(.data)
    stright_knee_support_4                   0x200011cc   Data         104  point.o(.data)
    stepup_hip_swing_4                       0x20001234   Data         104  point.o(.data)
    stepup_knee_swing_4                      0x2000129c   Data         104  point.o(.data)
    STR_hip_swing_trans_1                    0x20001304   Data         104  point.o(.data)
    STR_knee_swing_trans_1                   0x2000136c   Data         104  point.o(.data)
    STR_hip_support_trans_1                  0x200013d4   Data         104  point.o(.data)
    STR_knee_support_trans_1                 0x2000143c   Data         104  point.o(.data)
    STR_hip_swing                            0x200014a4   Data         104  point.o(.data)
    STR_knee_swing                           0x2000150c   Data         104  point.o(.data)
    STR_hip_support                          0x20001574   Data         104  point.o(.data)
    STR_knee_support                         0x200015dc   Data         104  point.o(.data)
    STR_hip_swing_trans_2                    0x20001644   Data         104  point.o(.data)
    STR_knee_swing_trans_2                   0x200016ac   Data         104  point.o(.data)
    STR_hip_support_trans_2                  0x20001714   Data         104  point.o(.data)
    STR_knee_support_trans_2                 0x2000177c   Data         104  point.o(.data)
    rope_hip_trans_LH                        0x200017e4   Data         104  point.o(.data)
    rope_knee_trans_LH                       0x2000184c   Data         104  point.o(.data)
    rope_hip_trans_support                   0x200018b4   Data         104  point.o(.data)
    rope_knee_trans_support                  0x2000191c   Data         104  point.o(.data)
    rope_hip_trans_stright                   0x20001984   Data         104  point.o(.data)
    rope_knee_trans_stright                  0x200019ec   Data         104  point.o(.data)
    rope_hip_swing                           0x20001a54   Data         104  point.o(.data)
    rope_knee_swing                          0x20001abc   Data         104  point.o(.data)
    rope_hip_support                         0x20001b24   Data         104  point.o(.data)
    rope_knee_support                        0x20001b8c   Data         104  point.o(.data)
    rope_hip_HL_swing                        0x20001bf4   Data         104  point.o(.data)
    rope_knee_HL_swing                       0x20001c5c   Data         104  point.o(.data)
    rope_hip_LH_swing                        0x20001cc4   Data         104  point.o(.data)
    rope_knee_LH_swing                       0x20001d2c   Data         104  point.o(.data)
    slope_hip_trans_swing                    0x20001d94   Data         104  point.o(.data)
    slope_knee_trans_swing                   0x20001dfc   Data         104  point.o(.data)
    slope_hip_trans_support                  0x20001e64   Data         104  point.o(.data)
    slope_knee_trans_support                 0x20001ecc   Data         104  point.o(.data)
    PTS_one_hip_1                            0x20001f34   Data          84  point.o(.data)
    PTS_one_hip_2                            0x20001f88   Data          84  point.o(.data)
    PTS_one_hip_3                            0x20001fdc   Data          84  point.o(.data)
    PTS_one_hip_4                            0x20002030   Data          84  point.o(.data)
    PTS_one_knee_1                           0x20002084   Data          84  point.o(.data)
    PTS_one_knee_2                           0x200020d8   Data          84  point.o(.data)
    PTS_one_knee_3                           0x2000212c   Data          84  point.o(.data)
    PTS_one_knee_4                           0x20002180   Data          84  point.o(.data)
    PTS_two_hip_1                            0x200021d4   Data          84  point.o(.data)
    PTS_two_hip_2                            0x20002228   Data          84  point.o(.data)
    PTS_two_hip_3                            0x2000227c   Data          84  point.o(.data)
    PTS_two_hip_4                            0x200022d0   Data          84  point.o(.data)
    PTS_two_knee_1                           0x20002324   Data          84  point.o(.data)
    PTS_two_knee_2                           0x20002378   Data          84  point.o(.data)
    PTS_two_knee_3                           0x200023cc   Data          84  point.o(.data)
    PTS_two_knee_4                           0x20002420   Data          84  point.o(.data)
    PTS_thr_hip_1                            0x20002474   Data          84  point.o(.data)
    PTS_thr_hip_2                            0x200024c8   Data          84  point.o(.data)
    PTS_thr_hip_3                            0x2000251c   Data          84  point.o(.data)
    PTS_thr_hip_4                            0x20002570   Data          84  point.o(.data)
    PTS_thr_knee_1                           0x200025c4   Data          84  point.o(.data)
    PTS_thr_knee_2                           0x20002618   Data          84  point.o(.data)
    PTS_thr_knee_3                           0x2000266c   Data          84  point.o(.data)
    PTS_thr_knee_4                           0x200026c0   Data          84  point.o(.data)
    PTS_for_hip_1                            0x20002714   Data          84  point.o(.data)
    PTS_for_hip_2                            0x20002768   Data          84  point.o(.data)
    PTS_for_hip_3                            0x200027bc   Data          84  point.o(.data)
    PTS_for_hip_4                            0x20002810   Data          84  point.o(.data)
    PTS_for_knee_1                           0x20002864   Data          84  point.o(.data)
    PTS_for_knee_2                           0x200028b8   Data          84  point.o(.data)
    PTS_for_knee_3                           0x2000290c   Data          84  point.o(.data)
    PTS_for_knee_4                           0x20002960   Data          84  point.o(.data)
    slope_hip_swing                          0x200029b4   Data          84  point.o(.data)
    slope_hip_support                        0x20002a08   Data          84  point.o(.data)
    slope_knee_swing                         0x20002a5c   Data          84  point.o(.data)
    slope_knee_support                       0x20002ab0   Data          84  point.o(.data)
    STP_one_hip_1                            0x20002b04   Data          84  point.o(.data)
    STP_one_hip_2                            0x20002b58   Data          84  point.o(.data)
    STP_one_hip_3                            0x20002bac   Data          84  point.o(.data)
    STP_one_hip_4                            0x20002c00   Data          84  point.o(.data)
    STP_one_knee_1                           0x20002c54   Data          84  point.o(.data)
    STP_one_knee_2                           0x20002ca8   Data          84  point.o(.data)
    STP_one_knee_3                           0x20002cfc   Data          84  point.o(.data)
    STP_one_knee_4                           0x20002d50   Data          84  point.o(.data)
    STP_two_hip_1                            0x20002da4   Data          84  point.o(.data)
    STP_two_hip_2                            0x20002df8   Data          84  point.o(.data)
    STP_two_hip_3                            0x20002e4c   Data          84  point.o(.data)
    STP_two_hip_4                            0x20002ea0   Data          84  point.o(.data)
    STP_two_knee_1                           0x20002ef4   Data          84  point.o(.data)
    STP_two_knee_2                           0x20002f48   Data          84  point.o(.data)
    STP_two_knee_3                           0x20002f9c   Data          84  point.o(.data)
    STP_two_knee_4                           0x20002ff0   Data          84  point.o(.data)
    STP_thr_hip_1                            0x20003044   Data          84  point.o(.data)
    STP_thr_hip_2                            0x20003098   Data          84  point.o(.data)
    STP_thr_hip_3                            0x200030ec   Data          84  point.o(.data)
    STP_thr_hip_4                            0x20003140   Data          84  point.o(.data)
    STP_thr_knee_1                           0x20003194   Data          84  point.o(.data)
    STP_thr_knee_2                           0x200031e8   Data          84  point.o(.data)
    STP_thr_knee_3                           0x2000323c   Data          84  point.o(.data)
    STP_thr_knee_4                           0x20003290   Data          84  point.o(.data)
    STP_for_hip_1                            0x200032e4   Data          84  point.o(.data)
    STP_for_hip_2                            0x20003338   Data          84  point.o(.data)
    STP_for_hip_3                            0x2000338c   Data          84  point.o(.data)
    STP_for_hip_4                            0x200033e0   Data          84  point.o(.data)
    STP_for_knee_1                           0x20003434   Data          84  point.o(.data)
    STP_for_knee_2                           0x20003488   Data          84  point.o(.data)
    STP_for_knee_3                           0x200034dc   Data          84  point.o(.data)
    STP_for_knee_4                           0x20003530   Data          84  point.o(.data)
    DebugUSARTSendBuffCnt                    0x20003584   Data           2  dma.o(.data)
    DebugUSARTSendBuffCnt2                   0x20003586   Data           2  dma.o(.data)
    resetSigal                               0x2000358c   Data           1  switch.o(.data)
    lastresetSignal                          0x2000358d   Data           1  switch.o(.data)
    frontLight                               0x2000358e   Data           1  switch.o(.data)
    SystemCoreClock                          0x20003598   Data           4  system_stm32f4xx.o(.data)
    AHBPrescTable                            0x2000359c   Data          16  system_stm32f4xx.o(.data)
    OS_CPU_ExceptStkBase                     0x200035ac   Data           4  os_cpu_c.o(.data)
    OSCtxSwCtr                               0x200035b4   Data           4  os_core.o(.data)
    OSEventFreeList                          0x200035b8   Data           4  os_core.o(.data)
    OSFlagFreeList                           0x200035bc   Data           4  os_core.o(.data)
    OSCPUUsage                               0x200035c0   Data           1  os_core.o(.data)
    OSIdleCtrMax                             0x200035c4   Data           4  os_core.o(.data)
    OSIdleCtrRun                             0x200035c8   Data           4  os_core.o(.data)
    OSStatRdy                                0x200035cc   Data           1  os_core.o(.data)
    OSIntNesting                             0x200035cd   Data           1  os_core.o(.data)
    OSLockNesting                            0x200035ce   Data           1  os_core.o(.data)
    OSPrioCur                                0x200035cf   Data           1  os_core.o(.data)
    OSPrioHighRdy                            0x200035d0   Data           1  os_core.o(.data)
    OSRdyGrp                                 0x200035d1   Data           1  os_core.o(.data)
    OSRdyTbl                                 0x200035d2   Data           8  os_core.o(.data)
    OSRunning                                0x200035da   Data           1  os_core.o(.data)
    OSTaskCtr                                0x200035db   Data           1  os_core.o(.data)
    OSIdleCtr                                0x200035dc   Data           4  os_core.o(.data)
    OSTCBCur                                 0x200035e0   Data           4  os_core.o(.data)
    OSTCBFreeList                            0x200035e4   Data           4  os_core.o(.data)
    OSTCBHighRdy                             0x200035e8   Data           4  os_core.o(.data)
    OSTCBList                                0x200035ec   Data           4  os_core.o(.data)
    OSTickStepState                          0x200035f0   Data           1  os_core.o(.data)
    OSMemFreeList                            0x200035f4   Data           4  os_core.o(.data)
    OSQFreeList                              0x200035f8   Data           4  os_core.o(.data)
    OSTime                                   0x200035fc   Data           4  os_core.o(.data)
    OSTmrFree                                0x20003600   Data           2  os_core.o(.data)
    OSTmrUsed                                0x20003602   Data           2  os_core.o(.data)
    OSTmrTime                                0x20003604   Data           4  os_core.o(.data)
    OSTmrSem                                 0x20003608   Data           4  os_core.o(.data)
    OSTmrSemSignal                           0x2000360c   Data           4  os_core.o(.data)
    OSTmrFreeList                            0x20003610   Data           4  os_core.o(.data)
    legOne                                   0x20006624   Data         164  movebase.o(.bss)
    legTwo                                   0x200066c8   Data         164  movebase.o(.bss)
    legThr                                   0x2000676c   Data         164  movebase.o(.bss)
    legFor                                   0x20006810   Data         164  movebase.o(.bss)
    quadrupedControl                         0x200068b4   Data          24  movebase.o(.bss)
    quadrupedStatus                          0x200068cc   Data          40  movebase.o(.bss)
    coordinateGet                            0x20006924   Data          16  sensor.o(.bss)
    visual                                   0x20006934   Data          52  sensor.o(.bss)
    motor                                    0x20006968   Data        1856  vloop.o(.bss)
    record                                   0x200070a8   Data          32  vloop.o(.bss)
    distanceController                       0x200070c8   Data          24  pid.o(.bss)
    yawController                            0x200070e0   Data          24  pid.o(.bss)
    lf_rb                                    0x200070f8   Data          12  pid.o(.bss)
    rf_lb                                    0x20007104   Data          12  pid.o(.bss)
    serial1                                  0x20007110   Data          48  pid.o(.bss)
    serial2                                  0x20007140   Data          48  pid.o(.bss)
    sequentially_x                           0x20007170   Data         160  dataprocess.o(.bss)
    sequentially_y                           0x20007210   Data         160  dataprocess.o(.bss)
    timeNum                                  0x200072b0   Data         160  dataprocess.o(.bss)
    one_hipInit                              0x20007350   Data         800  init.o(.bss)
    one_kneeInit                             0x20007670   Data         800  init.o(.bss)
    two_hipInit                              0x20007990   Data         800  init.o(.bss)
    two_kneeInit                             0x20007cb0   Data         800  init.o(.bss)
    thr_hipInit                              0x20007fd0   Data         800  init.o(.bss)
    thr_kneeInit                             0x200082f0   Data         800  init.o(.bss)
    for_hipInit                              0x20008610   Data         800  init.o(.bss)
    for_kneeInit                             0x20008930   Data         800  init.o(.bss)
    rf_turnInit                              0x20008c50   Data         800  init.o(.bss)
    lf_turnInit                              0x20008f70   Data         800  init.o(.bss)
    rb_turnInit                              0x20009290   Data         800  init.o(.bss)
    lb_turnInit                              0x200095b0   Data         800  init.o(.bss)
    can1ErrNum                               0x200098d0   Data          32  errorhand.o(.bss)
    can2ErrNum                               0x200098f0   Data          16  errorhand.o(.bss)
    gBalancer1                               0x20009900   Data         116  balance.o(.bss)
    gBalancer2                               0x20009974   Data         116  balance.o(.bss)
    DebugUSARTSendBuf                        0x200099e8   Data         400  dma.o(.bss)
    DebugUSARTDMASendBuf                     0x20009b78   Data         400  dma.o(.bss)
    DebugUSARTSendBuf2                       0x20009d08   Data         400  dma.o(.bss)
    DebugUSARTDMASendBuf2                    0x20009e98   Data         400  dma.o(.bss)
    Reset                                    0x2000a028   Data          20  switch.o(.bss)
    OS_CPU_ExceptStk                         0x2000a03c   Data         512  os_cpu_c.o(.bss)
    OSEventTbl                               0x2000a23c   Data        1440  os_core.o(.bss)
    OSFlagTbl                                0x2000a7dc   Data          80  os_core.o(.bss)
    OSTaskStatStk                            0x2000a82c   Data         512  os_core.o(.bss)
    OSTaskIdleStk                            0x2000aa2c   Data         512  os_core.o(.bss)
    OSTCBPrioTbl                             0x2000ac2c   Data         256  os_core.o(.bss)
    OSTCBTbl                                 0x2000ad2c   Data        2816  os_core.o(.bss)
    OSMemTbl                                 0x2000b82c   Data         120  os_core.o(.bss)
    OSQTbl                                   0x2000b8a4   Data          96  os_core.o(.bss)
    OSTmrTbl                                 0x2000b904   Data         640  os_core.o(.bss)
    OSTmrTaskStk                             0x2000bb84   Data         512  os_core.o(.bss)
    OSTmrWheelTbl                            0x2000bd84   Data          64  os_core.o(.bss)
    __libspace_start                         0x2000bdc4   Data          96  libspace.o(.bss)
    __temporary_stack_top$libspace           0x2000be24   Data           0  libspace.o(.bss)



==============================================================================

Memory Map of the image

  Image Entry point : 0x08000189

  Load Region LR_IROM1 (Base: 0x08000000, Size: 0x00025b9c, Max: 0x00080000, ABSOLUTE, COMPRESSED[0x000253f8])

    Execution Region ER_IROM1 (Exec base: 0x08000000, Load base: 0x08000000, Size: 0x00022578, Max: 0x00080000, ABSOLUTE)

    Exec Addr    Load Addr    Size         Type   Attr      Idx    E Section Name        Object

    0x08000000   0x08000000   0x00000188   Data   RO          961    RESET               startup_stm32f4xx.o
    0x08000188   0x08000188   0x00000008   Code   RO         1484  * !!!main             c_w.l(__main.o)
    0x08000190   0x08000190   0x00000034   Code   RO         1896    !!!scatter          c_w.l(__scatter.o)
    0x080001c4   0x080001c4   0x00000064   Code   RO         1894    !!dclz77c           c_w.l(__dclz77c.o)
    0x08000228   0x08000228   0x0000001c   Code   RO         1898    !!handler_zi        c_w.l(__scatter_zi.o)
    0x08000244   0x08000244   0x00000002   Code   RO         1767    .ARM.Collect$$libinit$$00000000  c_w.l(libinit.o)
    0x08000246   0x08000246   0x00000004   Code   RO         1770    .ARM.Collect$$libinit$$00000001  c_w.l(libinit2.o)
    0x0800024a   0x0800024a   0x00000000   Code   RO         1773    .ARM.Collect$$libinit$$00000004  c_w.l(libinit2.o)
    0x0800024a   0x0800024a   0x00000000   Code   RO         1776    .ARM.Collect$$libinit$$0000000A  c_w.l(libinit2.o)
    0x0800024a   0x0800024a   0x00000000   Code   RO         1778    .ARM.Collect$$libinit$$0000000C  c_w.l(libinit2.o)
    0x0800024a   0x0800024a   0x00000000   Code   RO         1780    .ARM.Collect$$libinit$$0000000E  c_w.l(libinit2.o)
    0x0800024a   0x0800024a   0x00000000   Code   RO         1783    .ARM.Collect$$libinit$$00000011  c_w.l(libinit2.o)
    0x0800024a   0x0800024a   0x00000000   Code   RO         1785    .ARM.Collect$$libinit$$00000013  c_w.l(libinit2.o)
    0x0800024a   0x0800024a   0x00000000   Code   RO         1787    .ARM.Collect$$libinit$$00000015  c_w.l(libinit2.o)
    0x0800024a   0x0800024a   0x00000000   Code   RO         1789    .ARM.Collect$$libinit$$00000017  c_w.l(libinit2.o)
    0x0800024a   0x0800024a   0x00000000   Code   RO         1791    .ARM.Collect$$libinit$$00000019  c_w.l(libinit2.o)
    0x0800024a   0x0800024a   0x00000000   Code   RO         1793    .ARM.Collect$$libinit$$0000001B  c_w.l(libinit2.o)
    0x0800024a   0x0800024a   0x00000000   Code   RO         1795    .ARM.Collect$$libinit$$0000001D  c_w.l(libinit2.o)
    0x0800024a   0x0800024a   0x00000000   Code   RO         1797    .ARM.Collect$$libinit$$0000001F  c_w.l(libinit2.o)
    0x0800024a   0x0800024a   0x00000000   Code   RO         1799    .ARM.Collect$$libinit$$00000021  c_w.l(libinit2.o)
    0x0800024a   0x0800024a   0x00000000   Code   RO         1801    .ARM.Collect$$libinit$$00000023  c_w.l(libinit2.o)
    0x0800024a   0x0800024a   0x00000000   Code   RO         1803    .ARM.Collect$$libinit$$00000025  c_w.l(libinit2.o)
    0x0800024a   0x0800024a   0x00000000   Code   RO         1807    .ARM.Collect$$libinit$$0000002C  c_w.l(libinit2.o)
    0x0800024a   0x0800024a   0x00000000   Code   RO         1809    .ARM.Collect$$libinit$$0000002E  c_w.l(libinit2.o)
    0x0800024a   0x0800024a   0x00000000   Code   RO         1811    .ARM.Collect$$libinit$$00000030  c_w.l(libinit2.o)
    0x0800024a   0x0800024a   0x00000000   Code   RO         1813    .ARM.Collect$$libinit$$00000032  c_w.l(libinit2.o)
    0x0800024a   0x0800024a   0x00000002   Code   RO         1814    .ARM.Collect$$libinit$$00000033  c_w.l(libinit2.o)
    0x0800024c   0x0800024c   0x00000002   Code   RO         1834    .ARM.Collect$$libshutdown$$00000000  c_w.l(libshutdown.o)
    0x0800024e   0x0800024e   0x00000000   Code   RO         1847    .ARM.Collect$$libshutdown$$00000002  c_w.l(libshutdown2.o)
    0x0800024e   0x0800024e   0x00000000   Code   RO         1849    .ARM.Collect$$libshutdown$$00000004  c_w.l(libshutdown2.o)
    0x0800024e   0x0800024e   0x00000000   Code   RO         1852    .ARM.Collect$$libshutdown$$00000007  c_w.l(libshutdown2.o)
    0x0800024e   0x0800024e   0x00000000   Code   RO         1855    .ARM.Collect$$libshutdown$$0000000A  c_w.l(libshutdown2.o)
    0x0800024e   0x0800024e   0x00000000   Code   RO         1857    .ARM.Collect$$libshutdown$$0000000C  c_w.l(libshutdown2.o)
    0x0800024e   0x0800024e   0x00000000   Code   RO         1860    .ARM.Collect$$libshutdown$$0000000F  c_w.l(libshutdown2.o)
    0x0800024e   0x0800024e   0x00000002   Code   RO         1861    .ARM.Collect$$libshutdown$$00000010  c_w.l(libshutdown2.o)
    0x08000250   0x08000250   0x00000000   Code   RO         1656    .ARM.Collect$$rtentry$$00000000  c_w.l(__rtentry.o)
    0x08000250   0x08000250   0x00000000   Code   RO         1724    .ARM.Collect$$rtentry$$00000002  c_w.l(__rtentry2.o)
    0x08000250   0x08000250   0x00000006   Code   RO         1736    .ARM.Collect$$rtentry$$00000004  c_w.l(__rtentry4.o)
    0x08000256   0x08000256   0x00000000   Code   RO         1726    .ARM.Collect$$rtentry$$00000009  c_w.l(__rtentry2.o)
    0x08000256   0x08000256   0x00000004   Code   RO         1727    .ARM.Collect$$rtentry$$0000000A  c_w.l(__rtentry2.o)
    0x0800025a   0x0800025a   0x00000000   Code   RO         1729    .ARM.Collect$$rtentry$$0000000C  c_w.l(__rtentry2.o)
    0x0800025a   0x0800025a   0x00000008   Code   RO         1730    .ARM.Collect$$rtentry$$0000000D  c_w.l(__rtentry2.o)
    0x08000262   0x08000262   0x00000002   Code   RO         1768    .ARM.Collect$$rtexit$$00000000  c_w.l(rtexit.o)
    0x08000264   0x08000264   0x00000000   Code   RO         1816    .ARM.Collect$$rtexit$$00000002  c_w.l(rtexit2.o)
    0x08000264   0x08000264   0x00000004   Code   RO         1817    .ARM.Collect$$rtexit$$00000003  c_w.l(rtexit2.o)
    0x08000268   0x08000268   0x00000006   Code   RO         1818    .ARM.Collect$$rtexit$$00000004  c_w.l(rtexit2.o)
    0x0800026e   0x0800026e   0x00000002   PAD
    0x08000270   0x08000270   0x00000074   Code   RO            4    .text               main.o
    0x080002e4   0x080002e4   0x00000e80   Code   RO          102    .text               task.o
    0x08001164   0x08001164   0x000006a4   Code   RO          221    .text               stm32f4xx_it.o
    0x08001808   0x08001808   0x000009e8   Code   RO          256    .text               timer.o
    0x080021f0   0x080021f0   0x000000b0   Code   RO          281    .text               gpio.o
    0x080022a0   0x080022a0   0x00001934   Code   RO          305    .text               elmo.o
    0x08003bd4   0x08003bd4   0x000005d0   Code   RO          330    .text               usart.o
    0x080041a4   0x080041a4   0x00000450   Code   RO          361    .text               can.o
    0x080045f4   0x080045f4   0x000007a0   Code   RO          388    .text               movebase.o
    0x08004d94   0x08004d94   0x0000043c   Code   RO          420    .text               pps.o
    0x080051d0   0x080051d0   0x00000fec   Code   RO          455    .text               sensor.o
    0x080061bc   0x080061bc   0x000008e0   Code   RO          492    .text               vloop.o
    0x08006a9c   0x08006a9c   0x00000588   Code   RO          521    .text               lift.o
    0x08007024   0x08007024   0x00000734   Code   RO          552    .text               light.o
    0x08007758   0x08007758   0x0000047a   Code   RO          598    .text               pid.o
    0x08007bd2   0x08007bd2   0x00000002   PAD
    0x08007bd4   0x08007bd4   0x00001e30   Code   RO          626    .text               dataprocess.o
    0x08009a04   0x08009a04   0x0000263c   Code   RO          661    .text               init.o
    0x0800c040   0x0800c040   0x00000590   Code   RO          690    .text               errorhand.o
    0x0800c5d0   0x0800c5d0   0x00001418   Code   RO          750    .text               dataout.o
    0x0800d9e8   0x0800d9e8   0x0000087c   Code   RO          775    .text               balance.o
    0x0800e264   0x0800e264   0x00005110   Code   RO          804    .text               module_blue.o
    0x08013374   0x08013374   0x00005874   Code   RO          832    .text               module_red.o
    0x08018be8   0x08018be8   0x00000654   Code   RO          869    .text               dma.o
    0x0801923c   0x0801923c   0x00000860   Code   RO          903    .text               switch.o
    0x08019a9c   0x08019a9c   0x00000210   Code   RO          932    .text               system_stm32f4xx.o
    0x08019cac   0x08019cac   0x00000050   Code   RO          962    .text               startup_stm32f4xx.o
    0x08019cfc   0x08019cfc   0x000002c8   Code   RO          969    .text               os_cpu_c.o
    0x08019fc4   0x08019fc4   0x000000b8   Code   RO         1001    .text               os_cpu_a.o
    0x0801a07c   0x0801a07c   0x0000015c   Code   RO         1004    .text               os_dbg.o
    0x0801a1d8   0x0801a1d8   0x00000d50   Code   RO         1019    .text               os_core.o
    0x0801af28   0x0801af28   0x00000864   Code   RO         1039    .text               os_flag.o
    0x0801b78c   0x0801b78c   0x00000258   Code   RO         1063    .text               os_mem.o
    0x0801b9e4   0x0801b9e4   0x00000654   Code   RO         1087    .text               os_q.o
    0x0801c038   0x0801c038   0x000003e0   Code   RO         1099    .text               os_sem.o
    0x0801c418   0x0801c418   0x0000090c   Code   RO         1111    .text               os_task.o
    0x0801cd24   0x0801cd24   0x000001d4   Code   RO         1123    .text               os_time.o
    0x0801cef8   0x0801cef8   0x000006e0   Code   RO         1135    .text               os_tmr.o
    0x0801d5d8   0x0801d5d8   0x00000012   Code   RO         1150    .text               os_apphooks.o
    0x0801d5ea   0x0801d5ea   0x00000002   PAD
    0x0801d5ec   0x0801d5ec   0x0000025c   Code   RO         1174    .text               stm32f4xx_gpio.o
    0x0801d848   0x0801d848   0x00000588   Code   RO         1198    .text               stm32f4xx_rcc.o
    0x0801ddd0   0x0801ddd0   0x000000e0   Code   RO         1224    .text               misc.o
    0x0801deb0   0x0801deb0   0x00000ca2   Code   RO         1248    .text               stm32f4xx_tim.o
    0x0801eb52   0x0801eb52   0x00000002   PAD
    0x0801eb54   0x0801eb54   0x0000043e   Code   RO         1272    .text               stm32f4xx_usart.o
    0x0801ef92   0x0801ef92   0x00000002   PAD
    0x0801ef94   0x0801ef94   0x000009f0   Code   RO         1296    .text               stm32f4xx_can.o
    0x0801f984   0x0801f984   0x000003a8   Code   RO         1320    .text               stm32f4xx_dma.o
    0x0801fd2c   0x0801fd2c   0x0000008a   Code   RO         1478    .text               c_w.l(rt_memcpy_v6.o)
    0x0801fdb6   0x0801fdb6   0x00000064   Code   RO         1480    .text               c_w.l(rt_memcpy_w.o)
    0x0801fe1a   0x0801fe1a   0x00000006   Code   RO         1482    .text               c_w.l(heapauxi.o)
    0x0801fe20   0x0801fe20   0x00000016   Code   RO         1657    .text               c_w.l(_rserrno.o)
    0x0801fe36   0x0801fe36   0x00000002   PAD
    0x0801fe38   0x0801fe38   0x00000008   Code   RO         1741    .text               c_w.l(rt_errno_addr_intlibspace.o)
    0x0801fe40   0x0801fe40   0x00000008   Code   RO         1755    .text               c_w.l(libspace.o)
    0x0801fe48   0x0801fe48   0x0000004a   Code   RO         1758    .text               c_w.l(sys_stackheap_outer.o)
    0x0801fe92   0x0801fe92   0x00000012   Code   RO         1760    .text               c_w.l(exit.o)
    0x0801fea4   0x0801fea4   0x0000000c   Code   RO         1826    .text               c_w.l(sys_exit.o)
    0x0801feb0   0x0801feb0   0x00000002   Code   RO         1837    .text               c_w.l(use_no_semi.o)
    0x0801feb2   0x0801feb2   0x00000000   Code   RO         1839    .text               c_w.l(indicate_semi.o)
    0x0801feb2   0x0801feb2   0x00000030   Code   RO         1753    i.__ARM_fpclassify  m_wm.l(fpclassify.o)
    0x0801fee2   0x0801fee2   0x00000026   Code   RO         1691    i.__ARM_fpclassifyf  m_wm.l(fpclassifyf.o)
    0x0801ff08   0x0801ff08   0x00000118   Code   RO         1518    i.__hardfp_acosf    m_wm.l(acosf.o)
    0x08020020   0x08020020   0x0000012c   Code   RO         1530    i.__hardfp_asinf    m_wm.l(asinf.o)
    0x0802014c   0x0802014c   0x00000250   Code   RO         1542    i.__hardfp_atan2f   m_wm.l(atan2f.o)
    0x0802039c   0x0802039c   0x00000160   Code   RO         1554    i.__hardfp_atanf    m_wm.l(atanf.o)
    0x080204fc   0x080204fc   0x00000004   PAD
    0x08020500   0x08020500   0x000000c8   Code   RO         1566    i.__hardfp_cos      m_wm.l(cos.o)
    0x080205c8   0x080205c8   0x00000150   Code   RO         1578    i.__hardfp_cosf     m_wm.l(cosf.o)
    0x08020718   0x08020718   0x00000014   Code   RO         1590    i.__hardfp_fabs     m_wm.l(fabs.o)
    0x0802072c   0x0802072c   0x00000190   Code   RO         1608    i.__hardfp_sinf     m_wm.l(sinf.o)
    0x080208bc   0x080208bc   0x0000007a   Code   RO         1620    i.__hardfp_sqrt     m_wm.l(sqrt.o)
    0x08020936   0x08020936   0x0000003a   Code   RO         1632    i.__hardfp_sqrtf    m_wm.l(sqrtf.o)
    0x08020970   0x08020970   0x0000017c   Code   RO         1644    i.__hardfp_tanf     m_wm.l(tanf.o)
    0x08020aec   0x08020aec   0x00000004   PAD
    0x08020af0   0x08020af0   0x00000438   Code   RO         1709    i.__ieee754_rem_pio2  m_wm.l(rred.o)
    0x08020f28   0x08020f28   0x00000170   Code   RO         1674    i.__kernel_cos      m_wm.l(cos_i.o)
    0x08021098   0x08021098   0x000000f8   Code   RO         1707    i.__kernel_poly     m_wm.l(poly.o)
    0x08021190   0x08021190   0x00000130   Code   RO         1717    i.__kernel_sin      m_wm.l(sin_i.o)
    0x080212c0   0x080212c0   0x00000014   Code   RO         1678    i.__mathlib_dbl_infnan  m_wm.l(dunder.o)
    0x080212d4   0x080212d4   0x00000004   PAD
    0x080212d8   0x080212d8   0x00000020   Code   RO         1680    i.__mathlib_dbl_invalid  m_wm.l(dunder.o)
    0x080212f8   0x080212f8   0x00000020   Code   RO         1683    i.__mathlib_dbl_underflow  m_wm.l(dunder.o)
    0x08021318   0x08021318   0x00000006   Code   RO         1694    i.__mathlib_flt_infnan  m_wm.l(funder.o)
    0x0802131e   0x0802131e   0x00000006   Code   RO         1695    i.__mathlib_flt_infnan2  m_wm.l(funder.o)
    0x08021324   0x08021324   0x00000010   Code   RO         1696    i.__mathlib_flt_invalid  m_wm.l(funder.o)
    0x08021334   0x08021334   0x00000010   Code   RO         1699    i.__mathlib_flt_underflow  m_wm.l(funder.o)
    0x08021344   0x08021344   0x00000154   Code   RO         1714    i.__mathlib_rredf2  m_wm.l(rredf.o)
    0x08021498   0x08021498   0x00000018   Code   RO         1592    i.fabs              m_wm.l(fabs.o)
    0x080214b0   0x080214b0   0x0000003e   Code   RO         1634    i.sqrtf             m_wm.l(sqrtf.o)
    0x080214ee   0x080214ee   0x00000018   Code   RO         1659    x$fpl$basic         fz_wm.l(basic.o)
    0x08021506   0x08021506   0x00000002   PAD
    0x08021508   0x08021508   0x00000062   Code   RO         1486    x$fpl$d2f           fz_wm.l(d2f.o)
    0x0802156a   0x0802156a   0x00000002   PAD
    0x0802156c   0x0802156c   0x00000150   Code   RO         1488    x$fpl$dadd          fz_wm.l(daddsub_clz.o)
    0x080216bc   0x080216bc   0x00000018   Code   RO         1661    x$fpl$dcmpinf       fz_wm.l(dcmpi.o)
    0x080216d4   0x080216d4   0x000002b0   Code   RO         1495    x$fpl$ddiv          fz_wm.l(ddiv.o)
    0x08021984   0x08021984   0x0000005e   Code   RO         1743    x$fpl$dfix          fz_wm.l(dfix.o)
    0x080219e2   0x080219e2   0x0000002e   Code   RO         1748    x$fpl$dflt          fz_wm.l(dflt_clz.o)
    0x08021a10   0x08021a10   0x00000026   Code   RO         1747    x$fpl$dfltu         fz_wm.l(dflt_clz.o)
    0x08021a36   0x08021a36   0x00000002   PAD
    0x08021a38   0x08021a38   0x00000078   Code   RO         1498    x$fpl$dleqf         fz_wm.l(dleqf.o)
    0x08021ab0   0x08021ab0   0x00000154   Code   RO         1500    x$fpl$dmul          fz_wm.l(dmul.o)
    0x08021c04   0x08021c04   0x0000009c   Code   RO         1663    x$fpl$dnaninf       fz_wm.l(dnaninf.o)
    0x08021ca0   0x08021ca0   0x0000000c   Code   RO         1665    x$fpl$dretinf       fz_wm.l(dretinf.o)
    0x08021cac   0x08021cac   0x00000016   Code   RO         1489    x$fpl$drsb          fz_wm.l(daddsub_clz.o)
    0x08021cc2   0x08021cc2   0x00000002   PAD
    0x08021cc4   0x08021cc4   0x00000198   Code   RO         1667    x$fpl$dsqrt         fz_wm.l(dsqrt_umaal.o)
    0x08021e5c   0x08021e5c   0x000001d4   Code   RO         1490    x$fpl$dsub          fz_wm.l(daddsub_clz.o)
    0x08022030   0x08022030   0x00000056   Code   RO         1502    x$fpl$f2d           fz_wm.l(f2d.o)
    0x08022086   0x08022086   0x0000008c   Code   RO         1669    x$fpl$fnaninf       fz_wm.l(fnaninf.o)
    0x08022112   0x08022112   0x0000000a   Code   RO         1824    x$fpl$fpinit        fz_wm.l(fpinit.o)
    0x0802211c   0x0802211c   0x0000000a   Code   RO         1671    x$fpl$fretinf       fz_wm.l(fretinf.o)
    0x08022126   0x08022126   0x00000000   Code   RO         1673    x$fpl$usenofp       fz_wm.l(usenofp.o)
    0x08022126   0x08022126   0x00000002   PAD
    0x08022128   0x08022128   0x000000e8   Data   RO          306    .constdata          elmo.o
    0x08022210   0x08022210   0x00000040   Data   RO          457    .constdata          sensor.o
    0x08022250   0x08022250   0x00000050   Data   RO          553    .constdata          light.o
    0x080222a0   0x080222a0   0x00000074   Data   RO         1005    .constdata          os_dbg.o
    0x08022314   0x08022314   0x00000100   Data   RO         1021    .constdata          os_core.o
    0x08022414   0x08022414   0x00000004   PAD
    0x08022418   0x08022418   0x00000030   Data   RO         1675    .constdata          m_wm.l(cos_i.o)
    0x08022448   0x08022448   0x000000c8   Data   RO         1711    .constdata          m_wm.l(rred.o)
    0x08022510   0x08022510   0x00000020   Data   RO         1715    .constdata          m_wm.l(rredf.o)
    0x08022530   0x08022530   0x00000028   Data   RO         1718    .constdata          m_wm.l(sin_i.o)
    0x08022558   0x08022558   0x00000020   Data   RO         1892    Region$$Table       anon$$obj.o


    Execution Region RW_IRAM1 (Exec base: 0x20000000, Load base: 0x08022578, Size: 0x0000c428, Max: 0x00020000, ABSOLUTE, COMPRESSED[0x00002e80])

    Exec Addr    Load Addr    Size         Type   Attr      Idx    E Section Name        Object

    0x20000000   COMPRESSED   0x00000032   Data   RW          104    .data               task.o
    0x20000032   COMPRESSED   0x00000002   PAD
    0x20000034   COMPRESSED   0x00000019   Data   RW          222    .data               stm32f4xx_it.o
    0x2000004d   COMPRESSED   0x00000001   PAD
    0x2000004e   COMPRESSED   0x00000005   Data   RW          390    .data               movebase.o
    0x20000053   COMPRESSED   0x00000005   Data   RW          422    .data               pps.o
    0x20000058   COMPRESSED   0x0000000c   Data   RW          458    .data               sensor.o
    0x20000064   COMPRESSED   0x00000009   Data   RW          522    .data               lift.o
    0x2000006d   COMPRESSED   0x00000003   PAD
    0x20000070   COMPRESSED   0x00000004   Data   RW          577    .data               cloudplatform.o
    0x20000074   COMPRESSED   0x00000002   Data   RW          628    .data               dataprocess.o
    0x20000076   COMPRESSED   0x00000002   PAD
    0x20000078   COMPRESSED   0x00000030   Data   RW          663    .data               init.o
    0x200000a8   COMPRESSED   0x00000006   Data   RW          692    .data               errorhand.o
    0x200000ae   COMPRESSED   0x00000002   PAD
    0x200000b0   COMPRESSED   0x0000005c   Data   RW          777    .data               balance.o
    0x2000010c   COMPRESSED   0x00000018   Data   RW          833    .data               module_red.o
    0x20000124   COMPRESSED   0x00003460   Data   RW          857    .data               point.o
    0x20003584   COMPRESSED   0x00000008   Data   RW          871    .data               dma.o
    0x2000358c   COMPRESSED   0x0000000a   Data   RW          905    .data               switch.o
    0x20003596   COMPRESSED   0x00000002   PAD
    0x20003598   COMPRESSED   0x00000014   Data   RW          933    .data               system_stm32f4xx.o
    0x200035ac   COMPRESSED   0x00000006   Data   RW          971    .data               os_cpu_c.o
    0x200035b2   COMPRESSED   0x00000002   PAD
    0x200035b4   COMPRESSED   0x00000060   Data   RW         1022    .data               os_core.o
    0x20003614   COMPRESSED   0x00000010   Data   RW         1199    .data               stm32f4xx_rcc.o
    0x20003624        -       0x00000400   Zero   RW            5    .bss                main.o
    0x20003a24        -       0x00002c00   Zero   RW          103    .bss                task.o
    0x20006624        -       0x000002d0   Zero   RW          389    .bss                movebase.o
    0x200068f4        -       0x00000030   Zero   RW          421    .bss                pps.o
    0x20006924        -       0x00000044   Zero   RW          456    .bss                sensor.o
    0x20006968        -       0x00000760   Zero   RW          493    .bss                vloop.o
    0x200070c8        -       0x000000a8   Zero   RW          599    .bss                pid.o
    0x20007170        -       0x000001e0   Zero   RW          627    .bss                dataprocess.o
    0x20007350        -       0x00002580   Zero   RW          662    .bss                init.o
    0x200098d0        -       0x00000030   Zero   RW          691    .bss                errorhand.o
    0x20009900        -       0x000000e8   Zero   RW          776    .bss                balance.o
    0x200099e8        -       0x00000640   Zero   RW          870    .bss                dma.o
    0x2000a028        -       0x00000014   Zero   RW          904    .bss                switch.o
    0x2000a03c        -       0x00000200   Zero   RW          970    .bss                os_cpu_c.o
    0x2000a23c        -       0x00001b88   Zero   RW         1020    .bss                os_core.o
    0x2000bdc4        -       0x00000060   Zero   RW         1756    .bss                c_w.l(libspace.o)
    0x2000be24   COMPRESSED   0x00000004   PAD
    0x2000be28        -       0x00000200   Zero   RW          960    HEAP                startup_stm32f4xx.o
    0x2000c028        -       0x00000400   Zero   RW          959    STACK               startup_stm32f4xx.o


==============================================================================

Image component sizes


      Code (inc. data)   RO Data    RW Data    ZI Data      Debug   Object Name

      2172        166          0         92        232       6125   balance.o
      1104         16          0          0          0       2937   can.o
         0          0          0          4          0        224   cloudplatform.o
      5144        862          0          0          0       2017   dataout.o
      7728        298          0          2        480       5236   dataprocess.o
      1620         52          0          8       1600      17784   dma.o
      6452        168        232          0          0      18363   elmo.o
      1424        494          0          6         48       2635   errorhand.o
       176         10          0          0          0       1539   gpio.o
      9788        836          0         48       9600       6398   init.o
      1416        188          0          9          0       1147   lift.o
      1844         42         80          0          0       5016   light.o
       116         18          0          0       1024     230042   main.o
       224         20          0          0          0       1981   misc.o
     20752       2120          0          0          0      13846   module_blue.o
     22644       2176          0         24          0      17602   module_red.o
      1952         94          0          5        720       3427   movebase.o
        18          0          0          0          0       1531   os_apphooks.o
      3408        290        256         96       7048      19459   os_core.o
       184         32          0          0          0        324   os_cpu_a.o
       712         28          0          6        512      12419   os_cpu_c.o
       348        230        116          0          0       3414   os_dbg.o
      2148         44          0          0          0       7352   os_flag.o
       600         16          0          0          0       3520   os_mem.o
      1620         34          0          0          0       6029   os_q.o
       992         22          0          0          0       4182   os_sem.o
      2316         76          0          0          0       8501   os_task.o
       468         28          0          0          0       1942   os_time.o
      1760        132          0          0          0       5901   os_tmr.o
      1146        110          0          0        168       3162   pid.o
         0          0          0      13408          0       9151   point.o
      1084         88          0          5         48       3675   pps.o
      4076        260         64         12         68       5664   sensor.o
        80         32        392          0       1536        884   startup_stm32f4xx.o
      2544         38          0          0          0       8304   stm32f4xx_can.o
       936         32          0          0          0       6557   stm32f4xx_dma.o
       604         36          0          0          0       4285   stm32f4xx_gpio.o
      1700        200          0         25          0       5133   stm32f4xx_it.o
      1416         48          0         16          0      11235   stm32f4xx_rcc.o
      3234         60          0          0          0      23172   stm32f4xx_tim.o
      1086         26          0          0          0       8084   stm32f4xx_usart.o
      2144        346          0         10         20       3046   switch.o
       528         46          0         20          0       1891   system_stm32f4xx.o
      3712        570          0         50      11264      70662   task.o
      2536         56          0          0          0       5697   timer.o
      1488         46          0          0          0       6385   usart.o
      2272        162          0          0       1888       5077   vloop.o

    ----------------------------------------------------------------------
    129724      10648       1176      13860      36256     592957   Object Totals
         0          0         32          0          0          0   (incl. Generated)
         8          0          4         14          0          0   (incl. Padding)

    ----------------------------------------------------------------------

      Code (inc. data)   RO Data    RW Data    ZI Data      Debug   Library Member Name

       100          0          0          0          0          0   __dclz77c.o
         8          0          0          0          0         68   __main.o
         0          0          0          0          0          0   __rtentry.o
        12          0          0          0          0          0   __rtentry2.o
         6          0          0          0          0          0   __rtentry4.o
        52          8          0          0          0          0   __scatter.o
        28          0          0          0          0          0   __scatter_zi.o
        22          0          0          0          0        100   _rserrno.o
        18          0          0          0          0         80   exit.o
         6          0          0          0          0        152   heapauxi.o
         0          0          0          0          0          0   indicate_semi.o
         2          0          0          0          0          0   libinit.o
         6          0          0          0          0          0   libinit2.o
         2          0          0          0          0          0   libshutdown.o
         2          0          0          0          0          0   libshutdown2.o
         8          4          0          0         96         68   libspace.o
         8          4          0          0          0         68   rt_errno_addr_intlibspace.o
       138          0          0          0          0         68   rt_memcpy_v6.o
       100          0          0          0          0         80   rt_memcpy_w.o
         2          0          0          0          0          0   rtexit.o
        10          0          0          0          0          0   rtexit2.o
        12          4          0          0          0         68   sys_exit.o
        74          0          0          0          0         80   sys_stackheap_outer.o
         2          0          0          0          0         68   use_no_semi.o
        24          0          0          0          0        164   basic.o
        98          4          0          0          0        140   d2f.o
       826         16          0          0          0        492   daddsub_clz.o
        24          0          0          0          0        116   dcmpi.o
       688        140          0          0          0        256   ddiv.o
        94          4          0          0          0        140   dfix.o
        84          0          0          0          0        232   dflt_clz.o
       120          4          0          0          0        140   dleqf.o
       340         12          0          0          0        152   dmul.o
       156          4          0          0          0        140   dnaninf.o
        12          0          0          0          0        116   dretinf.o
       408         56          0          0          0        168   dsqrt_umaal.o
        86          4          0          0          0        132   f2d.o
       140          4          0          0          0        132   fnaninf.o
        10          0          0          0          0        116   fpinit.o
        10          0          0          0          0        116   fretinf.o
         0          0          0          0          0          0   usenofp.o
       280         46          0          0          0        176   acosf.o
       300         42          0          0          0        176   asinf.o
       592         90          0          0          0        184   atan2f.o
       352         56          0          0          0        172   atanf.o
       200         20          0          0          0        164   cos.o
       368         46         48          0          0        200   cos_i.o
       336         56          0          0          0        136   cosf.o
        84         16          0          0          0        372   dunder.o
        44          0          0          0          0        248   fabs.o
        48          0          0          0          0        124   fpclassify.o
        38          0          0          0          0        116   fpclassifyf.o
        44         12          0          0          0        464   funder.o
       248          0          0          0          0        152   poly.o
      1080        142        200          0          0        188   rred.o
       340         24         32          0          0        160   rredf.o
       304         24         40          0          0        208   sin_i.o
       400         56          0          0          0        212   sinf.o
       122          0          0          0          0        148   sqrt.o
       120          0          0          0          0        272   sqrtf.o
       380         58          0          0          0        200   tanf.o

    ----------------------------------------------------------------------
      9444        964        320          0        100       7724   Library Totals
        26          8          0          0          4          0   (incl. Padding)

    ----------------------------------------------------------------------

      Code (inc. data)   RO Data    RW Data    ZI Data      Debug   Library Name

       618         20          0          0         96        900   c_w.l
      3120        248          0          0          0       2752   fz_wm.l
      5680        688        320          0          0       4072   m_wm.l

    ----------------------------------------------------------------------
      9444        964        320          0        100       7724   Library Totals

    ----------------------------------------------------------------------

==============================================================================


      Code (inc. data)   RO Data    RW Data    ZI Data      Debug   

    139168      11612       1496      13860      36356     587917   Grand Totals
    139168      11612       1496      11904      36356     587917   ELF Image Totals (compressed)
    139168      11612       1496      11904          0          0   ROM Totals

==============================================================================

    Total RO  Size (Code + RO Data)               140664 ( 137.37kB)
    Total RW  Size (RW Data + ZI Data)             50216 (  49.04kB)
    Total ROM Size (Code + RO Data + RW Data)     152568 ( 148.99kB)

==============================================================================

